1/456 Mastercraft Plumbing — https://mastercraftfl.com
2/456 Total Comfort Plumbing — https://tcplumbingfl.com
3/456 Kraken Plumbing — https://www.krakenplumbingcompany.com
4/456 Lou's Plumbing — https://lousplumbingfl.com
5/456 Daytona Plumbing — https://www.daytonaplumb.com
6/456 Total Comfort HVAC — https://totalcomfortfl.com
7/456 Matt's Plumbing Services — https://mattsplumbingpros.com
8/456 Von Aire — https://vonaireinc.com
9/456 Advanced Air Home Services — https://www.advancedairandheat.com
10/456 Andy's Plumbing — https://andysplumbing.com
11/456 Arctic Breeze Air Conditioning & Heating — https://arcticbreezeair.com
12/456 Air Cunningham & Sons — https://www.aircunninghamandsons.com
13/456 Best Value A/C & Heating — https://www.bestvalueac.com
14/456 Rack Air Conditioning — https://rackairconditioning.com
15/456 Atlantic Air Conditioning & Heating — https://atlantic-air-heat.com
16/456 All Volusia & Flagler Heating & Air — https://volusiaflaglerac.com
17/456 Current Energy Solutions — https://www.currentenergysolutionsfl.com
18/456 Davis Bros. Cooling & Heating — https://davisbroscooling.com
19/456 Jerry Brittingham A/C & Heat — https://www.brittinghamac.com
20/456 ERR Four Seasons Pools LLC — https://poolservicespecialists.com
21/456 Tomco HVAC — https://tomco-hvac.com
22/456 Float On Pools & Spas — https://floatonpoolsandspas.com
23/456 Cunningham AC, Heat & Propane (Cunningham Oil) — https://cunninghamoil.com
24/456 Scott's Heating & Air Conditioning — https://www.scottsair.com
25/456 East Coast Pool Maintenance — https://eastcoastpoolmaintenance.com
26/456 ERR Pool Zone — https://www.poolzonefl.com
27/456 SunTime Pool & Spa — https://suntimepool.com
28/456 Pure Pool Solutions — https://purepoolfl.com
29/456 Port Orange Pools — http://portorangepools.com
30/456 Splash Authority — https://splashauthority.com
31/456 Daytona's Best Pool Service — https://www.daytonasbestpoolservice.com
32/456 Paradigm Pools LLC — https://www.paradigmpoolsflorida.com
33/456 Pool Butler of Daytona Beach — https://daytonapoolservice.com
34/456 Ryan's Pest Control — https://www.ryanspestcontrol.com
35/456 Service Pest Control — https://www.servicepestfl.com
36/456 Prime Pest Services — https://primepestservices.com
37/456 Shumaker's Pest Control — https://shumakerspestcontrol.com
38/456 Liberty Lawn and Pest — https://www.libertylawnfl.com
39/456 Green Wing Lawn and Pest Services — https://www.greenwingservices.com
40/456 Universal Pest Control — https://bugandtermitecontrol.com
41/456 Imperial Pest Prevention — https://www.imperialpestprevent.com
42/456 Ormond Lawn Care — https://www.ormondlawncare.com
43/456 Nelly's Landscape Services — https://nellyslandscapeservicesllc.com
44/456 Leafy Landscapes — https://www.leafylandscapes.com
45/456 The Yard Shark — https://yardsharklandscaping.com
46/456 Cunningham's Lawn & Landscaping — https://cunninghamslawnandlandscapingllc.com
47/456 Cole's Landscaping and Property Maintenance — https://www.coles-landscaping.com
48/456 Elevation Electrical — https://www.elevationelectricalfl.com
49/456 APEX Electrical Services — https://www.electricianfl.com
50/456 Halifax Landscaping — https://www.halifaxlandscapinginc.com
51/456 Millard Electric LLC — https://www.millardelectricllc.com
52/456 Paul's Electric — https://www.paulselectric.com
53/456 Tom's Automotive — https://www.tomsautoormond.com
54/456 T&D Auto Repair — https://www.tdautorepairs.com
55/456 Taranto Electric — https://tarantoelectric.com
56/456 Auto Solutions — https://autosolutionsofob.com
57/456 Lonnie's Automotive — https://lonniesautomotive.com
58/456 Michael's British, American & Foreign Auto Repair — https://www.daytonabeachautorepair.com
59/456 Reilly Auto Repair — https://www.reillyautorepair.com
60/456 Daytona Auto Repair — https://www.daytonarepair.com
61/456 Hansard's Service Center — https://www.hansardsservicecenter.com
62/456 The Car Shop Holly Hill — https://www.thecarshophollyhill.com
63/456 British American Auto Repair By George — https://www.georgesbritishamericanautorepair.com
64/456 Just Peachy Clean LLC — https://alwaysjustpeachyclean.com
65/456 Toy Connection Auto Repair — https://www.toyconnectionautorepair.com
66/456 LPGA Maids — https://www.lpgamaids.com
67/456 Costa's Pressure Cleaning — https://www.costaspressurecleaning.com
68/456 Sunny Side Clean Team — https://www.sunny-side-clean-team.com
69/456 Wash And Go Pressure Cleaning — https://washandgofl.com
70/456 Soap & Sea Soft Washing — https://soapandsea.com
71/456 Daytona Softwash — https://daytonasoftwash.com
72/456 All Star Pressure Wash — https://www.daytonabeachsoftwash.com
73/456 Sparkle Tech — https://sparkletechfl.com
74/456 Michael's House Washing — https://www.michaelshousewashing.com
75/456 Razzle Dazzle's Soft Suds LLC — https://www.razzledazzlessoftsuds.com
76/456 DaytonaHandy — https://daytonahandy.com
77/456 On-Demand Handyman — https://www.odhmfl.com
78/456 Pressure Clean USA — https://www.pressurecleanusa.com
79/456 Daytona Handyman — https://www.daytona-handyman.com
80/456 Florida's Handyman and Renovation Services — https://floridashandymanandrenovationservices.com
81/456 All of the Above Handyman Solutions LLC — https://aotahs.jobbersites.com/
82/456 Certified Plumbing Services — https://www.certifiedplumbingservice.com
83/456 ERR All American Home Pros — https://www.allamericanhomepros.com
84/456 ZZ the Handyman — https://zzthehandyman.com
85/456 Port Orange Plumbing, Inc. — https://www.portorangeplumbing.com
86/456 Rick's Sewer, Drain & Plumbing Services — https://www.rsd-plumbing.com
87/456 A1 Handyman Services LLC — https://a1handymanfl.com
88/456 Pro Craft Plumbing — http://procraftplumbing.net
89/456 Integrity Air and Heat — https://integrityairheat.com
90/456 Port Orange Pest Control — https://portorangepest.com
91/456 Port Orange Pest Control ($29.99 monthly) — https://portorangepestcontrol.com
92/456 ACR Air Conditioning & Refrigeration — https://www.callacr.com
93/456 Ready Set Mow — https://www.readysetmowfl.com
94/456 James Lawn Service — https://jameslawnservicefl.com
95/456 Dave's Pest Control — https://www.davespestcontrol.com
96/456 Bulldog Lawn & Landscaping — https://www.bulldoglawnandlandscaping.com
97/456 Masters Electric — https://www.masterselectricportorange.com
98/456 Repair 1 — https://www.repairone.com
99/456 G & M Automotive Center Inc — https://g-inc-port-orange.edan.io/
100/456 Port Orange Car Doctor — http://portorangecardoctor.com
101/456 Mason's Automotive — https://masonsauto.repair
102/456 Mop and Bucket — https://mopandbucketclean.com
103/456 Safe Shine LLC — https://www.safeshine.org
104/456 Blaner's Pressure Cleaning — https://www.blanerspressurecleaning.com
105/456 Port Orange Handyman — https://www.portorangehandymanpros.com
106/456 Howell Plumbing — https://howellplumbingfl.com
107/456 ERR Mid Florida Pool & Spa — http://midfloridapoolspa.com
108/456 J&B Gould Air Conditioning Inc. — https://jbgouldac.com
109/456 ERR Port Orange Pressure Washing — https://portorangepressurewash.com
110/456 Anderson Performance Heat and Air — https://www.andersonhvac.com
111/456 NSB Pools — http://nsbpools.com
112/456 Globe Exterminators — https://globeexterminators.com
113/456 The Pool Fam — https://thepoolfam.com
114/456 SE Pool & Spa, LLC — https://www.sepoolandspa.com
115/456 Smyrna Pest Control — https://smyrnapest.com
116/456 NEXTLAWN — https://nextlawnfl.com
117/456 Sorko Lawn and Pest Control — https://sorkolawnandpestcontrol.com
118/456 Lightyear Electric LLC — https://lightyearelectricl.wixsite.com/my-site
119/456 A Beach Lawn Care — https://abeachlawncare.com
120/456 Four Seasons Pressure Washing — https://fourseasonspressure.com
121/456 Coastal Electrical Contracting Inc — https://coastalelectricalcontracting.com
122/456 Dykes Services LLC — https://dykesservices.com
123/456 American Auto Tire & Service — https://www.americanautonsb.com
124/456 R.J.P Handyman LLC — https://rjpcmp.wixsite.com/rjphandymanllc
125/456 Coleman Plumbing — https://www.colemanplumbing.net
126/456 Cape Coast Cleaning — https://capecoastcleaning.com
127/456 Ellington AC — https://ellingtonac.com
128/456 Innovative Air & Heat — https://innovativeairandheat.com
129/456 Peninsula Pools, LLC — https://peninsulapoolsnsb.com
130/456 All Pools Matter LLC — https://www.allpoolsmatter.com
131/456 Next Level Pool Cleaning and Supplies — https://nextlevelpoolcleaning.com
132/456 386 Pools LLC — https://386poolsllc.com
133/456 ServairAC — https://servairac.com
134/456 Nord Pest Control — https://www.nordpestcontrol.com
135/456 Dial Duron Service Co. — https://www.dialduron.com
136/456 Grow with the Flow Lawn Service — https://www.growwiththeflowlawnservice.com
137/456 Budget Pest Control — https://budgetpestinc.com
138/456 Blue Line Automotive — https://www.bluelineautomotive.shop
139/456 Lift Off Pressure Washing — https://liftoffpressurewashing.com
140/456 Myron's Auto Service — https://myronsautoserviceinc.com
141/456 Fellman Painting & Waterproofing — https://fellmanpainting.com
142/456 Gen1 Pressure Washing LLC — https://gen1pressurewash.com
143/456 Colonial Plumbing — https://www.colonialplmg.com
144/456 Allen Plumbing DeLand — https://www.allenplumbingdeland.com
145/456 Jacob Heating & Air Conditioning — https://www.jacobhac.com
146/456 AmeriTech AC & Heating — https://ameritechfl.com
147/456 Mid Florida A/C — https://www.mid-floridaair.com
148/456 Wilkie's Pest Control and Lawn Services — https://wilkiespestcontrol.com
149/456 Certified Climate Control — https://www.certifiedclimate.com
150/456 Ansley's Pool Service — https://www.ansleyspoolservice.com
151/456 Kevin's Pool Service — https://www.kevinspoolservices.com
152/456 Deland Pest Control ($29.99 monthly) — https://www.pestcontroldelandfl.com
153/456 Driggers Pest Control — https://www.driggerspestcontrol.com
154/456 Aquarian Pools of Deland — https://aquarianpoolsofdeland.com
155/456 Pioneer Pest Services, Inc. — https://www.pioneerpestservices.com
156/456 Vincent Anthony Electric — https://vincentanthonyelectric.com
157/456 Yard Dogs Lawn Care — https://yarddogsfl.com
158/456 Elite Electrical Contracting, LLC — http://www.delandelectrician.com
159/456 Deltron Electric — https://www.deltronelectricfl.com
160/456 The Shop DeLand LLC — https://www.theshopdeland.com
161/456 LP & Sons Auto Care — https://lpandsonsautocare.com
162/456 HTD Cleaning Services — https://htdcleaningservices.com
163/456 DeLand Auto Fix — https://delandautofix.com
164/456 Tom's Auto Repair — https://www.tomsautorepairfl.com
165/456 ERR My Fix It Friend LLC — https://handymandelandfl.com
166/456 Maids Are Us Inc. — https://www.maidsareusinc.com
167/456 Pristine Pressure Washing & Soft Wash Solutions LLC — https://www.pristinepressurewash.net
168/456 HandyCandor Home Repair — https://handycandor.com
169/456 Perez Pressure Washing and Soft Wash Pro Service — https://www.perezproservice.com
170/456 Royal Palm Pest Control — https://royalpalmpest.com
171/456 Cook's Air Conditioning & Heating — https://www.cooksair.com
172/456 Sea Breeze Heating & Air Conditioning — https://seabreezeheatingair.net
173/456 Palm Coast HVAC — https://palmcoasthvac.com
174/456 Kool Air Florida — https://koolairflorida.com
175/456 Sunshine State Heating & Air — https://sunshinestateac.com
176/456 Mangano Plumbing Services — https://www.manganoplumbingservices.com
177/456 Elite AC LLC — https://eliteacllc.com
178/456 Palm Coast Pool Cleaning Services — https://poolservicepalmcoast.com
179/456 DC Pools — https://dcpools.us
180/456 TruBlue Pools LLC — https://www.trubluepoolsllc.com
181/456 Total Comfort — https://www.totalcomfortpalmcoast.com
182/456 Perfect Pools of Palm Coast — https://perfectpoolsofpalmcoast.com
183/456 Not Just Another Pool Service — https://www.njapsinc.com
184/456 Taormina Landscaping — https://www.taorminalandscaping.com
185/456 EverGreen Landscapes — https://www.evergreenlandscapes.co
186/456 Corey Enterprises — https://coreylawn.com
187/456 Lawn Care Pros of Palm Coast — https://www.lawncarepalmcoast.com
188/456 Blondin Electric Inc — https://blondinelectric.com
189/456 JSA Lawncare — https://www.jsalawncare.com
190/456 Seacoast Electric — https://seacoastelectricpalmcoast.com
191/456 Mobil Mark — https://www.mobilmark.biz
192/456 Evans Automotive & Tire Center — https://www.evans-automotive.com
193/456 Little Electrical Solutions — https://littleelectricalsolutions.com
194/456 Palm Coast Auto Repair — https://www.palmcoastautorepair.biz
195/456 Cleaning Service Palm Coast — https://cleaningservicepalmcoast.com
196/456 ReFine Pressure Washing and Exteriors — https://refinepressurewashingandexteriors.com
197/456 Palm Maids LLC — https://www.palmmaidsllc.com
198/456 Going Green Cleaning Services — https://goinggreencs.com
199/456 Palm Coast Pressure Washing — https://palmcoastpw.com
200/456 Palm Coast Handyman Painting and Home Repair — https://www.palm-coast-handyman-painting-and-home-repair.com
201/456 Jeff Handyman 2 The Rescue LLC — https://jeffhandyman2therescue.com
202/456 A&D Auto Workz — https://aanddautoworkz.com
203/456 Terry's Plumbing Inc — https://terrysplumbingfl.com
204/456 Dreamscapes — https://dreamscapesflorida.com
205/456 Del's Garage — https://www.delsgarage.net
206/456 Serene Med Spa (Ormond Beach) — https://serenemedspas.com
207/456 Bruno's Pressure Wash Pro — https://brunospressurewash.com
208/456 Lentz Plastic Surgery (Medical Spa) — https://www.drlentz.com
209/456 Enchanted Medical Aesthetics — https://enchantedmedicalaesthetics.com
210/456 Divine MedSpa — https://divinelaser.com
211/456 Amethyst Wellness — https://www.amethystwellness.com
212/456 Europa Salon & Spa — https://relaxateuropa.com
213/456 Lifted Aesthetics and Wellness — https://www.liftedaestheticswellness.com
214/456 Florida Family Dentistry (Travis Ray DMD) — https://www.floridafamilydentistry.com
215/456 Cypress Point Medical Spa — https://cypresspointmedspa.com
216/456 Dentique Dental — https://dentique-dental.com
217/456 Modern Dental (R. Jacob DMD) — https://www.rjacobdmd.com
218/456 Advanced Dental Care of Florida — https://www.dentalcarepalmcoast.com
219/456 Boulder Rock Dental — https://www.boulderrockdental.com
220/456 Old Kings Dental Care — https://oldkingsdentalcare.com
221/456 Palm Coast Dental Care — https://palmcoastdentalcare.com
222/456 DeLand Implant Dentistry — https://delandimplants.com
223/456 Smiles on Cypress Point — https://smilesoncypresspoint.com
224/456 Christopher J. Cowell DMD — https://www.cowelldental.com
225/456 DeLand Smiles — https://www.delandsmiles.com
226/456 Woodland Dental Care — https://woodlanddentalcarefl.com
227/456 Terry Blanks Jr DDS Family Dental Care — https://www.terryblanksjrdds.com
228/456 ERR Beacon Chiropractic & Wellness — https://www.beaconchiroportorange.com
229/456 Batten Dental — https://battendental.com
230/456 Atlantic Chiropractic and Wellness Center — https://www.atlanticchirofl.com
231/456 DeLand Family Dental — https://delandfamilydental.com
232/456 Radiant Health Chiropractic — https://portorangechiropractor.com
233/456 Port Orange Chiropractor (yourchiroportorange.com) — https://www.yourchiroportorange.com
234/456 ERR Ormond Aligned Chiropractic — https://www.lombardochiro.com
235/456 The Edge Chiropractic — https://www.theedgechiro.com
236/456 Hill Family Chiropractic P.A. — https://www.ormondhillfamilychiropractic.com
237/456 HEAL with Chiropractic — https://www.healchiro.com
238/456 Ormond's Family Chiropractic Center — https://www.ormondfamilychiro.com
239/456 Animal Clinic of New Smyrna Beach — http://www.animalclinicofnsb.com
240/456 Florida Spine & Disc Institute — https://flspinedisc.com
241/456 Glencoe Veterinary Hospital — https://glencoevethospital.com
242/456 Ormond Beach Chiropractic — https://ormondbeachchiropractor.com
243/456 Pine Lakes Animal Hospital — https://pinelakesanimal.com
244/456 Safe Haven Veterinary Hospital — https://safehavenvet.com
245/456 East Coast Animal Hospital — https://www.eastcoastanimalhospital.com
246/456 Animal Emergency Hospital Palm Coast — https://animalerpalmcoast.com
247/456 Thomas Center for Physical Therapy — https://www.thomasphysicaltherapy.com
248/456 Greater Daytona Physical Therapy — https://daytonapt.com
249/456 HomeDocs (In-Home Physical Therapy) — https://www.homedocsfla.com
250/456 Landis, Graham & French — https://www.landispa.com
251/456 Law Office of Carol Lee Peake — https://www.carolpeakeattorney.com
252/456 Cobb Cole — https://cobbcole.com
253/456 Rice Law Firm — https://www.ricelawflorida.com
254/456 Law Offices of Robert Stepniak — https://www.stepniaklaw.com
255/456 Law Office of Jeffrey A. Klein — https://www.floridakleinlaw.com
256/456 Daytona Divorce Lawyer (daytonabeachfamilylawyer.com) — https://daytonabeachfamilylawyer.com
257/456 Travis Perry CPA, PA — https://www.tperrycpa.com
258/456 Lauren Koleilat (Daytona Family Law) — https://daytonafamilylaw.com
259/456 Goan Law — https://www.goanlaw.com
260/456 Dwyer & Knight Law Firm — https://www.dwyerknight.com
261/456 Olivari & Associates — https://www.olivaricpa.com
262/456 Steven deLaroche Attorney at Law — https://delaroche-law.com
263/456 Goodfellow & Company, CPA — https://www.delandcpa.com
264/456 Wing, Weber & Co, PL — https://www.wwcocpa.com
265/456 Palm Coast Sports Medicine — https://palmcoastsportsmedicine.net
266/456 Palm Coast Physical Therapy — https://www.palmcoastpt.com
267/456 Stevenson & Blinn, CPA, PA — https://www.stevensonandblinncpa.com
268/456 Ability Rehabilitation (Palm Coast Clinic) — https://abilityrehabilitation.com
269/456 Dickinson & McDonald, PA — https://www.dickinsoncpa.com
270/456 Atlantic Animal Hospital of Port Orange — https://www.atlanticdvm.com
271/456 The Med Spa of New Smyrna Beach — https://themedspansb.com
272/456 Goldfingers Aesthetics — https://goldfingersaesthetics.com
273/456 Halifax Vet Center — https://halifaxvetcenter.com
274/456 My Pets Wellness — https://mypetswellness.net
275/456 Beville Animal Hospital — https://bevilleanimalhospital.com
276/456 Precision Cosmetic and Family Dentistry — https://newsmyrnadentistry.com
277/456 Ravenwood Veterinary Clinic — https://www.ravenwoodvet.net
278/456 Hammock Gardens Dental Care — https://hammockgardensdentalcare.com
279/456 Miranda & Ortega Dental Group — https://www.mirandaandortegadental.com
280/456 Kilman Dental — https://www.kilmandental.com
281/456 McKenzie Dental Group — https://www.mckenziedentalgroup.com
282/456 Atlantic Family Dental — https://atlanticdental.net
283/456 McDonnell Hovencamp Dental Care — https://www.mcdonnelldentalcare.com
284/456 LCI Taxes — https://www.lcitaxes.com
285/456 Phelan, Schroeder & Taylor, LLC — https://www.pstcpa.com
286/456 Chiropractor Palm Coast (chiropractorpalmcoast.com) — https://www.chiropractorpalmcoast.com
287/456 Pamela B. Hathaway, CPA — https://www.pbhcpa.net
288/456 Palm Coast Tax Services — https://palmcoastaccountant.com
289/456 Certified Financial & Tax — https://www.cftcpa.com
290/456 Pearson Family Chiropractic — https://pearsonfamilychiropractic.com
291/456 Palm Coast Acupuncture & Chiropractic — https://palmcoastacupuncture.com
292/456 Wellness One Chiropractic — https://www.wellnessonechiropractic.com
293/456 Davis Chiropractic Center — https://www.drkenchiropractic.com
294/456 Pivotal Health Systems — https://pivotalhealthsystems.com
295/456 Paul, Elkind, Branz & Paul — https://www.paulandelkind.com
296/456 Downer Law — https://www.delandlegal.com
297/456 Leonard Legal, P.A. — https://leonardlegal.net
298/456 New Spring Chiropractic — https://newspringchiro.com
299/456 Law Office of Christine Aung PLLC — https://www.aunglaw.com
300/456 Salon 7 & Medi Spa — https://www.salon7.vpweb.com
301/456 Criscione Electrical Services — https://criscione-electric.com
302/456 Newman Veterinary Centers — https://www.newmanvets.com
303/456 The Masters Lawn & Pest — https://themasterslawncare.com
304/456 The Cardiovascular Center, P.A. — https://www.thecvcenter.com
305/456 First Impressions Barbershop — https://www.sanfordbarbershop.net
306/456 Alvarez Family Chiropractic — https://alvarezchiropractic.com
307/456 Mary Lynn Realty — https://www.marylynnrealty.com
308/456 ERR Deltona Car Accident Lawyer Group — http://caraccident.the-company-lawyer.com
309/456 ERR Cat-A-Holic Cats — https://cat-a-holiccats.com
310/456 ERR Rebuilding Life Esthetics — http://orlandoesthetics.com
311/456 ERR Charley Baldwin Realtor — http://charleybaldwinrealtor.com
312/456 ERR Stanley Moving & Deliveries — https://www.stanleymovinganddeliveries.com
313/456 Taborda Dentistry — https://tabordadentistry.com
314/456 Lee Nails & Spa — https://www.volusiamall.net
315/456 Tim Tiralosi DMD — https://www.tiralosidental.com
316/456 Tropical Auto Air Repair Center — https://www.tropicalautofl.com
317/456 Greg Reynolds Construction Lc — https://www.gregreynoldsconstructionlc.com
318/456 ERR Kremer Sales — http://kremersales.com
319/456 National Investigative Training Academy — https://investigativeacademy.com
320/456 ERR Darcy Diamond Realtor — https://www.darcydiamondrealtor.com
321/456 Pride Lawn Service LLC — https://pridelawnsrv.com
322/456 ERR Vigo Chiropractic LLC — https://www.vigochiropractic.com
323/456 ERR Elegant Dominican Beauty Salon — https://www.elegantdominicanbeautysalon.com
324/456 Advanced Gastroenterology & Endoscopy Center — http://www.advancedgi.org
325/456 Grand Living Realty — https://www.grandlivingrealty.net
326/456 ERR Park Air Inc — https://www.parkairfl.com
327/456 Fleur De Lis Salon — http://www.fleurdelissaloninc.com
328/456 White Wolf Dental — https://whitewolfdental.com
329/456 Cypress Point Family Dentistry — https://cypresspointdentist.com
330/456 Natural Health and Wellness Chiropractic, LLC — https://www.nhwchiro.com
331/456 Geri Westfall Real Estate — https://www.geriwestfallre.com
332/456 Zimmet & Zimmet — https://zimmetzimmet.com
333/456 ERR Electrical Energy Systems — https://electricalenergysystemsinc.com
334/456 Cherise's Salon — https://www.cherises.com
335/456 Venetian Nail Spa — https://venetiansalon.com
336/456 Venus Nails and Spa — https://www.thepavilionatportorange.com
337/456 Mercado Family Law Mediation — https://mercadofamilylaw.com
338/456 Cash Home Buyer Florida — https://cashhomebuyerflorida.com
339/456 ERR Khaotic Offroad — https://khaoticoffroad.com
340/456 Berlin & Denys Insurance — https://www.berlindenys.com
341/456 Nest Luxury Living — https://designkollective.com
342/456 Vogel Chiropractic Clinic — https://www.vogelchiropractic.com
343/456 Wholesale Furnature Outlet — http://www.wfoutlets.com
344/456 Atlantic Dentists — https://AtlanticDentists.com
345/456 The Collaborative Divorce Center — https://masterscdc.com
346/456 Men's Groom Room Barber Lounge — https://mgrbarberlounge.com
347/456 Realty Exchange — https://www.realtyexchangefl.com
348/456 Sanford Barber Shop — https://www.facebook.com
349/456 Saint Johns Realty — https://stjohnsrealtyco.com
350/456 ERR Nails by Arisha LLC — https://il.ink
351/456 Professional Real Estate Company — https://professionalrealestatecompanyllc.com
352/456 Florida Sunshine Insurance Agency — https://www.flsunshineins.com
353/456 LA Chic' Stylz — https://lachicstylz.net
354/456 Sanford Flower Shop — https://www.sanfordflowershop.com
355/456 Bicikleta Bike Shop — https://www.bicikletabikeshop.com
356/456 Traditions Barber Shop — https://www.facebook.com
357/456 VMZ Beauty Studio — https://vmzbeautystudio.com
358/456 Alliance Home Realty — https://www.alliancehomerealty.com
359/456 Pedal Driven Co. — https://www.pedaldrivenco.com
360/456 Fresenius Kidney Care — https://www.freseniuskidneycare.com
361/456 ERR The Helix at Lake Mary — https://www.helixorlando.com
362/456 X'Spreshun Hair Studio — https://www.xspreshun.com
363/456 Prium Life and Health — https://priumlifeandhealth.com
364/456 Madison Insurance Group Inc — https://miginsgroup.com
365/456 A Fresh New Me — https://www.afreshnewme.com
366/456 Professional Moving & Storage — https://professionalmovingandstorage.com
367/456 ForEyes — https://www.foreyes.com
368/456 Economy Dentures - Dr. Polite — http://www.economydentures.net
369/456 Michael P. Falkowski — https://falkowskilaw.com
370/456 Beautiful Hair Color Studio — https://www.beautifulhaircolorstudios.com
371/456 ? — https://smilliedental.com
372/456 Watson Realty — https://www.watsonrealtycorp.com
373/456 MM Nails — https://mmnailsportorange.com
374/456 Cape Vista Dental — https://dentist-orange-city.com
375/456 ERR Salon 31 — https://www.salon31daytona.com
376/456 ERR Peter Chiropractic and Wellness — https://www.porterchiropracticandwellness.com
377/456 Lee Nails — https://lee-nails-lashes-llc.business.site
378/456 After Glow — https://www.afterglowtanning.net
379/456 Maxim Healthcare Group — https://www.maximhealthcare.com
380/456 Island Doctors — https://islanddoctors.com
381/456 ? — https://www.kwdaytona.com
382/456 Passion Chiropractic — https://passionchiro.com
383/456 Studio 78 — https://studio78unisexhairsalon.com
384/456 Homes of Daytona Beach — https://homesofdaytonabeach.com
385/456 PawZazz Pet Salon — https://pawzazzpetsalon.com
386/456 Integrity Insurance Group — https://www.iigfl.com
387/456 PRS Roofing — https://prsroofpro.com
388/456 Allied Veterinary Specialists — https://alliedveterinaryspecialists.com
389/456 ERR First Coast Choppers Tree Service — https://firstcoastchopperstreeservice.com
390/456 Ground Effects Landscaping — https://groundeffectslandscapingfl.com
391/456 Environics USA Inc — https://environics.fi
392/456 Country Club Properties Of Spruce Creek — https://SpruceCreekProperties.com
393/456 Guardian Wraps — https://guardianwraps.com
394/456 Alper Law — https://www.alperlaw.com
395/456 Tidy Chap — https://www.tidychap.com
396/456 ERR Volusia Weight Management — https://volusiaweightmanagement.com
397/456 Taxleaf Orlando — https://taxleaforlando.com
398/456 HD Drain Cleaning — https://hddraincleaning.com
399/456 The Ticket Fighter — https://theticketfighter.com
400/456 Strada Services — https://stradaservices.com
401/456 Marjohn SkinCare — https://www.marjohnskincare.com
402/456 Nika Athletics — https://nikaathletics.com
403/456 Regus Execu-Suites and Virtual Office Spaces — http://Regus.com
404/456 R. Howe Electric Inc — https://www.rhoweelectric.net
405/456 ? — https://www.electricianpalmcoast.com
406/456 Gino’s Road Service & Repair — https://ginostowing.com
407/456 Skin Love By Ashley — https://www.skinlovebyashley.com
408/456 Palm Tree Podiatry — https://palmtreepodiatry.com
409/456 Kat Preston The Barber — https://www.katprestonthebarber.com
410/456 ERR ATP Jet Center — https://aptjetcenter.com
411/456 Men's Groom Room Barber Lounge — https://mensgroomroom.webflow.io
412/456 Gabrielle Rogers - Salon Lofts — https://salonlofts.com
413/456 Southeast Volusia Family YMCA — https://vfymca.org
414/456 Terra-Scape — https://terra-scape.net
415/456 Family Health Source — https://www.myfhs.org
416/456 Cool Solutions of Central Florida, Inc. — https://coolsolutionsacfl.com
417/456 Transform Aesthetic Center — https://www.transformfl.com
418/456 J. Thaddeus Morgan, DMD — https://www.lakemarydentist.com
419/456 SoFlo Hot Yoga — https://soflohotyoga.com
420/456 Craze Nails & Spa — https://crazenailsspa.com
421/456 G&W Roofing — https://gwroofing.com
422/456 Cyrus Diagnostic Imaging — https://cyrusdiagnostic.com
423/456 Ac Guru — https://hvacrguru.com
424/456 Stetson Health Service — https://www.stetson.edu
425/456 Skin with Esther — https://www.skinwithesther.com
426/456 Consigned Interiors — http://www.consignedinteriors.com
427/456 Z Best Rental — https://www.zbestrents.com
428/456 Exit Realty — https://www.exitrealtyadvantage.com
429/456 John's Appliance & Bedding — https://www.johnsabc.com
430/456 Zahn's Flowers — https://zahnsflowers.com
431/456 Rent-A-Wheel — https://www.rentawheel.com
432/456 Vision One — http://sight-doc.com
433/456 Main Street Barber Shop — https://mainstreetbarbershopdaytonabeach.com
434/456 Open MRI of Daytona — https://www.openmriofdaytona.com
435/456 Bob's Bike Shop — http://www.bobsbikespo.com
436/456 Haynes Brothers Furniture — https://www.haynesbrosfurniture.com
437/456 Approved Mortgage — https://www.approvedfl.com
438/456 Mental Health Transformations LLC — https://mentalhealthtransformations.com
439/456 ERR All Creatures Veterinary Clinic — https://AllCreaturesVC.com
440/456 Florida Health Care Plans — https://www.fhcp.com
441/456 Sims Wolfe & Kundid — https://www.doranlaw.com
442/456 Florida Door & Supply — https://www.floridadoor.com
443/456 Sun Coast Fence — https://www.suncoastfenceandsupply.com
444/456 Facemyer Air Conditioning and Heating — https://www.fixmyacnow.com
445/456 Investors Realty Network — http://www.turnitover.today
446/456 RwalLiving — https://allfloridarealty.com
447/456 Honest-1 Auto Care — https://www.honest1daytona.com
448/456 Driftwood Animal Hospital — https://www.driftwoodanimalhospital.com
449/456 Insurance World — https://carinsuranceworld.com
450/456 Dunn & Associates Insurance — https://www.dunn-insurance.com
451/456 Taylor Insurance — http://www.taylorinsuranceofdaytona.com
452/456 Exhale CBD Apothecary — https://exhalecbdapothecary.com
453/456 DeBary Dental Care — https://debarydentalcare.com
454/456 Eagle Fitness Center — https://daytonabeach.erau.edu
455/456 Sandeep V. Patel, DDS — https://mydaytonadental.com
456/456 Daytona Beach VA Clinic — https://www.va.gov
