1/38 ERR Pool Zone — https://www.poolzonefl.com
2/38 ERR Four Seasons Pools LLC — https://poolservicespecialists.com
3/38 Sparkle Tech — https://sparkletechfl.com
4/38 All American Home Pros — https://www.allamericanhomepros.com
5/38 Atlantic Air Conditioning & Heating — https://atlantic-air-heat.com
6/38 Port Orange Pressure Washing — https://portorangepressurewash.com
7/38 ERR My Fix It Friend LLC — https://handymandelandfl.com
8/38 Anderson Performance Heat and Air — https://www.andersonhvac.com
9/38 DC Pools — https://dcpools.us
10/38 386 Pools LLC — https://386poolsllc.com
11/38 ERR Beacon Chiropractic & Wellness — https://www.beaconchiroportorange.com
12/38 ERR Ormond Aligned Chiropractic — https://www.lombardochiro.com
13/38 Splash Authority — https://splashauthority.com
14/38 Salon 7 & Medi Spa — https://www.salon7.vpweb.com
15/38 Terry's Plumbing Inc — https://terrysplumbingfl.com
16/38 ERR Cat-A-Holic Cats — https://cat-a-holiccats.com
17/38 ERR Stanley Moving & Deliveries — https://www.stanleymovinganddeliveries.com
18/38 ERR Darcy Diamond Realtor — https://www.darcydiamondrealtor.com
19/38 Newman Veterinary Centers — https://www.newmanvets.com
20/38 ERR Vigo Chiropractic LLC — https://www.vigochiropractic.com
21/38 ERR Elegant Dominican Beauty Salon — https://www.elegantdominicanbeautysalon.com
22/38 ERR Park Air Inc — https://www.parkairfl.com
23/38 ERR Electrical Energy Systems — https://electricalenergysystemsinc.com
24/38 ERR Khaotic Offroad — https://khaoticoffroad.com
25/38 ERR Nails by Arisha LLC — https://il.ink
26/38 ERR The Helix at Lake Mary — https://www.helixorlando.com
27/38 Florida Sunshine Insurance Agency — https://www.flsunshineins.com
28/38 ERR Salon 31 — https://www.salon31daytona.com
29/38 ERR Peter Chiropractic and Wellness — https://www.porterchiropracticandwellness.com
30/38 ERR First Coast Choppers Tree Service — https://firstcoastchopperstreeservice.com
31/38 Ground Effects Landscaping — https://groundeffectslandscapingfl.com
32/38 ERR Volusia Weight Management — https://volusiaweightmanagement.com
33/38 ERR ATP Jet Center — https://aptjetcenter.com
34/38 ERR All Creatures Veterinary Clinic — https://AllCreaturesVC.com
35/38 PawZazz Pet Salon — https://pawzazzpetsalon.com
36/38 Phelan, Schroeder & Taylor, LLC — https://www.pstcpa.com
37/38 Travis Perry CPA, PA — https://www.tperrycpa.com
38/38 Insurance World — https://carinsuranceworld.com
